exports[`App renders correctly 1`] = `
<Text>
  Loading...
</Text>
`;
